[107m[2J[1;1H[32mWelcome to[31m Jitterted's[30m BlackJack
[2J[1;1HDealer has: 
[31m┌─────────┐[1B[11D│9        │[1B[11D│         │[1B[11D│    ♦    │[1B[11D│         │[1B[11D│        9│[1B[11D└─────────┘
[7A[12C┌─────────┐[1B[11D│░░░░░░░░░│[1B[11D│░ J I T ░│[1B[11D│░ T E R ░│[1B[11D│░ T E D ░│[1B[11D│░░░░░░░░░│[1B[11D└─────────┘
Player has: 
[30m┌─────────┐[1B[11D│6        │[1B[11D│         │[1B[11D│    ♠    │[1B[11D│         │[1B[11D│        6│[1B[11D└─────────┘[6A[1C[31m┌─────────┐[1B[11D│7        │[1B[11D│         │[1B[11D│    ♦    │[1B[11D│         │[1B[11D│        7│[1B[11D└─────────┘
 (13)
[H]it or [S]tand?
[2J[1;1HDealer has: 
[31m┌─────────┐[1B[11D│9        │[1B[11D│         │[1B[11D│    ♦    │[1B[11D│         │[1B[11D│        9│[1B[11D└─────────┘[6A[1C[30m┌─────────┐[1B[11D│6        │[1B[11D│         │[1B[11D│    ♣    │[1B[11D│         │[1B[11D│        6│[1B[11D└─────────┘[6A[1C[31m┌─────────┐[1B[11D│6        │[1B[11D│         │[1B[11D│    ♦    │[1B[11D│         │[1B[11D│        6│[1B[11D└─────────┘
 (21)

Player has: 
[30m┌─────────┐[1B[11D│6        │[1B[11D│         │[1B[11D│    ♠    │[1B[11D│         │[1B[11D│        6│[1B[11D└─────────┘[6A[1C[31m┌─────────┐[1B[11D│7        │[1B[11D│         │[1B[11D│    ♦    │[1B[11D│         │[1B[11D│        7│[1B[11D└─────────┘
 (13)
You lost to the Dealer. 💸
[m
