blackjack


[107m[2J[1;1H[32mWelcome to[31m Jitterted's[30m BlackJack
[2J[1;1HDealer has: 
[31m┌─────────┐[1B[11D│9        │[1B[11D│         │[1B[11D│    ♦    │[1B[11D│         │[1B[11D│        9│[1B[11D└─────────┘
[7A[12C┌─────────┐[1B[11D│░░░░░░░░░│[1B[11D│░ J I T ░│[1B[11D│░ T E R ░│[1B[11D│░ T E D ░│[1B[11D│░░░░░░░░░│[1B[11D└─────────┘
Player has: 
[30m┌─────────┐[1B[11D│6        │[1B[11D│         │[1B[11D│    ♠    │[1B[11D│         │[1B[11D│        6│[1B[11D└─────────┘[6A[1C[31m┌─────────┐[1B[11D│7        │[1B[11D│         │[1B[11D│    ♦    │[1B[11D│         │[1B[11D│        7│[1B[11D└─────────┘
 (13)
[H]it or [S]tand?
[2J[1;1HDealer has: 
[31m┌─────────┐[1B[11D│9        │[1B[11D│         │[1B[11D│    ♦    │[1B[11D│         │[1B[11D│        9│[1B[11D└─────────┘[6A[1C[30m┌─────────┐[1B[11D│6        │[1B[11D│         │[1B[11D│    ♣    │[1B[11D│         │[1B[11D│        6│[1B[11D└─────────┘[6A[1C[31m┌─────────┐[1B[11D│6        │[1B[11D│         │[1B[11D│    ♦    │[1B[11D│         │[1B[11D│        6│[1B[11D└─────────┘
 (21)

Player has: 
[30m┌─────────┐[1B[11D│6        │[1B[11D│         │[1B[11D│    ♠    │[1B[11D│         │[1B[11D│        6│[1B[11D└─────────┘[6A[1C[31m┌─────────┐[1B[11D│7        │[1B[11D│         │[1B[11D│    ♦    │[1B[11D│         │[1B[11D│        7│[1B[11D└─────────┘
 (13)
You lost to the Dealer. 💸
[m

[107m[2J[1;1H[32mWelcome to[31m Jitterted's[30m BlackJack
[2J[1;1HDealer has: 
[31m┌─────────┐[1B[11D│7        │[1B[11D│         │[1B[11D│    ♥    │[1B[11D│         │[1B[11D│        7│[1B[11D└─────────┘
[7A[12C┌─────────┐[1B[11D│░░░░░░░░░│[1B[11D│░ J I T ░│[1B[11D│░ T E R ░│[1B[11D│░ T E D ░│[1B[11D│░░░░░░░░░│[1B[11D└─────────┘
Player has: 
[31m┌─────────┐[1B[11D│A        │[1B[11D│         │[1B[11D│    ♦    │[1B[11D│         │[1B[11D│        A│[1B[11D└─────────┘[6A[1C[31m┌─────────┐[1B[11D│6        │[1B[11D│         │[1B[11D│    ♦    │[1B[11D│         │[1B[11D│        6│[1B[11D└─────────┘
 (17)
[H]it or [S]tand?
[2J[1;1HDealer has: 
[31m┌─────────┐[1B[11D│7        │[1B[11D│         │[1B[11D│    ♥    │[1B[11D│         │[1B[11D│        7│[1B[11D└─────────┘[6A[1C[30m┌─────────┐[1B[11D│5        │[1B[11D│         │[1B[11D│    ♣    │[1B[11D│         │[1B[11D│        5│[1B[11D└─────────┘[6A[1C[30m┌─────────┐[1B[11D│9        │[1B[11D│         │[1B[11D│    ♣    │[1B[11D│         │[1B[11D│        9│[1B[11D└─────────┘
 (21)

Player has: 
[31m┌─────────┐[1B[11D│A        │[1B[11D│         │[1B[11D│    ♦    │[1B[11D│         │[1B[11D│        A│[1B[11D└─────────┘[6A[1C[31m┌─────────┐[1B[11D│6        │[1B[11D│         │[1B[11D│    ♦    │[1B[11D│         │[1B[11D│        6│[1B[11D└─────────┘
 (17)
You lost to the Dealer. 💸
[m

[107m[2J[1;1H[32mWelcome to[31m Jitterted's[30m BlackJack
[2J[1;1HDealer has: 
[31m┌─────────┐[1B[11D│10       │[1B[11D│         │[1B[11D│    ♥    │[1B[11D│         │[1B[11D│       10│[1B[11D└─────────┘
[7A[12C┌─────────┐[1B[11D│░░░░░░░░░│[1B[11D│░ J I T ░│[1B[11D│░ T E R ░│[1B[11D│░ T E D ░│[1B[11D│░░░░░░░░░│[1B[11D└─────────┘
Player has: 
[31m┌─────────┐[1B[11D│9        │[1B[11D│         │[1B[11D│    ♦    │[1B[11D│         │[1B[11D│        9│[1B[11D└─────────┘[6A[1C[30m┌─────────┐[1B[11D│3        │[1B[11D│         │[1B[11D│    ♠    │[1B[11D│         │[1B[11D│        3│[1B[11D└─────────┘
 (12)
[H]it or [S]tand?
[2J[1;1HDealer has: 
[31m┌─────────┐[1B[11D│10       │[1B[11D│         │[1B[11D│    ♥    │[1B[11D│         │[1B[11D│       10│[1B[11D└─────────┘[6A[1C[31m┌─────────┐[1B[11D│7        │[1B[11D│         │[1B[11D│    ♦    │[1B[11D│         │[1B[11D│        7│[1B[11D└─────────┘
 (17)

Player has: 
[31m┌─────────┐[1B[11D│9        │[1B[11D│         │[1B[11D│    ♦    │[1B[11D│         │[1B[11D│        9│[1B[11D└─────────┘[6A[1C[30m┌─────────┐[1B[11D│3        │[1B[11D│         │[1B[11D│    ♠    │[1B[11D│         │[1B[11D│        3│[1B[11D└─────────┘
 (12)
You lost to the Dealer. 💸
[m

[107m[2J[1;1H[32mWelcome to[31m Jitterted's[30m BlackJack
[2J[1;1HDealer has: 
[31m┌─────────┐[1B[11D│K        │[1B[11D│         │[1B[11D│    ♦    │[1B[11D│         │[1B[11D│        K│[1B[11D└─────────┘
[7A[12C┌─────────┐[1B[11D│░░░░░░░░░│[1B[11D│░ J I T ░│[1B[11D│░ T E R ░│[1B[11D│░ T E D ░│[1B[11D│░░░░░░░░░│[1B[11D└─────────┘
Player has: 
[30m┌─────────┐[1B[11D│10       │[1B[11D│         │[1B[11D│    ♣    │[1B[11D│         │[1B[11D│       10│[1B[11D└─────────┘[6A[1C[31m┌─────────┐[1B[11D│10       │[1B[11D│         │[1B[11D│    ♥    │[1B[11D│         │[1B[11D│       10│[1B[11D└─────────┘
 (20)
[H]it or [S]tand?
[2J[1;1HDealer has: 
[31m┌─────────┐[1B[11D│K        │[1B[11D│         │[1B[11D│    ♦    │[1B[11D│         │[1B[11D│        K│[1B[11D└─────────┘[6A[1C[30m┌─────────┐[1B[11D│7        │[1B[11D│         │[1B[11D│    ♠    │[1B[11D│         │[1B[11D│        7│[1B[11D└─────────┘
 (17)

Player has: 
[30m┌─────────┐[1B[11D│10       │[1B[11D│         │[1B[11D│    ♣    │[1B[11D│         │[1B[11D│       10│[1B[11D└─────────┘[6A[1C[31m┌─────────┐[1B[11D│10       │[1B[11D│         │[1B[11D│    ♥    │[1B[11D│         │[1B[11D│       10│[1B[11D└─────────┘
 (20)
You beat the Dealer! 💵
[m

[107m[2J[1;1H[32mWelcome to[31m Jitterted's[30m BlackJack
[2J[1;1HDealer has: 
[30m┌─────────┐[1B[11D│10       │[1B[11D│         │[1B[11D│    ♣    │[1B[11D│         │[1B[11D│       10│[1B[11D└─────────┘
[7A[12C┌─────────┐[1B[11D│░░░░░░░░░│[1B[11D│░ J I T ░│[1B[11D│░ T E R ░│[1B[11D│░ T E D ░│[1B[11D│░░░░░░░░░│[1B[11D└─────────┘
Player has: 
[30m┌─────────┐[1B[11D│9        │[1B[11D│         │[1B[11D│    ♠    │[1B[11D│         │[1B[11D│        9│[1B[11D└─────────┘[6A[1C[31m┌─────────┐[1B[11D│8        │[1B[11D│         │[1B[11D│    ♦    │[1B[11D│         │[1B[11D│        8│[1B[11D└─────────┘
 (17)
[H]it or [S]tand?
[2J[1;1HDealer has: 
[30m┌─────────┐[1B[11D│10       │[1B[11D│         │[1B[11D│    ♣    │[1B[11D│         │[1B[11D│       10│[1B[11D└─────────┘[6A[1C[31m┌─────────┐[1B[11D│6        │[1B[11D│         │[1B[11D│    ♥    │[1B[11D│         │[1B[11D│        6│[1B[11D└─────────┘[6A[1C[31m┌─────────┐[1B[11D│A        │[1B[11D│         │[1B[11D│    ♦    │[1B[11D│         │[1B[11D│        A│[1B[11D└─────────┘
 (17)

Player has: 
[30m┌─────────┐[1B[11D│9        │[1B[11D│         │[1B[11D│    ♠    │[1B[11D│         │[1B[11D│        9│[1B[11D└─────────┘[6A[1C[31m┌─────────┐[1B[11D│8        │[1B[11D│         │[1B[11D│    ♦    │[1B[11D│         │[1B[11D│        8│[1B[11D└─────────┘
 (17)
Push: The house wins, you Lose. 💸
[m

[107m[2J[1;1H[32mWelcome to[31m Jitterted's[30m BlackJack
[2J[1;1HDealer has: 
[31m┌─────────┐[1B[11D│5        │[1B[11D│         │[1B[11D│    ♦    │[1B[11D│         │[1B[11D│        5│[1B[11D└─────────┘
[7A[12C┌─────────┐[1B[11D│░░░░░░░░░│[1B[11D│░ J I T ░│[1B[11D│░ T E R ░│[1B[11D│░ T E D ░│[1B[11D│░░░░░░░░░│[1B[11D└─────────┘
Player has: 
[30m┌─────────┐[1B[11D│2        │[1B[11D│         │[1B[11D│    ♣    │[1B[11D│         │[1B[11D│        2│[1B[11D└─────────┘[6A[1C[30m┌─────────┐[1B[11D│A        │[1B[11D│         │[1B[11D│    ♠    │[1B[11D│         │[1B[11D│        A│[1B[11D└─────────┘
 (13)
[H]it or [S]tand?
[2J[1;1HDealer has: 
[31m┌─────────┐[1B[11D│5        │[1B[11D│         │[1B[11D│    ♦    │[1B[11D│         │[1B[11D│        5│[1B[11D└─────────┘[6A[1C[31m┌─────────┐[1B[11D│K        │[1B[11D│         │[1B[11D│    ♦    │[1B[11D│         │[1B[11D│        K│[1B[11D└─────────┘[6A[1C[31m┌─────────┐[1B[11D│2        │[1B[11D│         │[1B[11D│    ♥    │[1B[11D│         │[1B[11D│        2│[1B[11D└─────────┘
 (17)

Player has: 
[30m┌─────────┐[1B[11D│2        │[1B[11D│         │[1B[11D│    ♣    │[1B[11D│         │[1B[11D│        2│[1B[11D└─────────┘[6A[1C[30m┌─────────┐[1B[11D│A        │[1B[11D│         │[1B[11D│    ♠    │[1B[11D│         │[1B[11D│        A│[1B[11D└─────────┘
 (13)
You lost to the Dealer. 💸
[m

[107m[2J[1;1H[32mWelcome to[31m Jitterted's[30m BlackJack
[2J[1;1HDealer has: 
[30m┌─────────┐[1B[11D│K        │[1B[11D│         │[1B[11D│    ♠    │[1B[11D│         │[1B[11D│        K│[1B[11D└─────────┘
[7A[12C┌─────────┐[1B[11D│░░░░░░░░░│[1B[11D│░ J I T ░│[1B[11D│░ T E R ░│[1B[11D│░ T E D ░│[1B[11D│░░░░░░░░░│[1B[11D└─────────┘
Player has: 
[31m┌─────────┐[1B[11D│J        │[1B[11D│         │[1B[11D│    ♦    │[1B[11D│         │[1B[11D│        J│[1B[11D└─────────┘[6A[1C[31m┌─────────┐[1B[11D│9        │[1B[11D│         │[1B[11D│    ♥    │[1B[11D│         │[1B[11D│        9│[1B[11D└─────────┘
 (19)
[H]it or [S]tand?
[2J[1;1HDealer has: 
[30m┌─────────┐[1B[11D│K        │[1B[11D│         │[1B[11D│    ♠    │[1B[11D│         │[1B[11D│        K│[1B[11D└─────────┘[6A[1C[31m┌─────────┐[1B[11D│5        │[1B[11D│         │[1B[11D│    ♥    │[1B[11D│         │[1B[11D│        5│[1B[11D└─────────┘[6A[1C[30m┌─────────┐[1B[11D│J        │[1B[11D│         │[1B[11D│    ♠    │[1B[11D│         │[1B[11D│        J│[1B[11D└─────────┘
 (25)

Player has: 
[31m┌─────────┐[1B[11D│J        │[1B[11D│         │[1B[11D│    ♦    │[1B[11D│         │[1B[11D│        J│[1B[11D└─────────┘[6A[1C[31m┌─────────┐[1B[11D│9        │[1B[11D│         │[1B[11D│    ♥    │[1B[11D│         │[1B[11D│        9│[1B[11D└─────────┘
 (19)
Dealer went BUST, Player wins! Yay for you!! 💵
[m

[107m[2J[1;1H[32mWelcome to[31m Jitterted's[30m BlackJack
[2J[1;1HDealer has: 
[30m┌─────────┐[1B[11D│8        │[1B[11D│         │[1B[11D│    ♠    │[1B[11D│         │[1B[11D│        8│[1B[11D└─────────┘
[7A[12C┌─────────┐[1B[11D│░░░░░░░░░│[1B[11D│░ J I T ░│[1B[11D│░ T E R ░│[1B[11D│░ T E D ░│[1B[11D│░░░░░░░░░│[1B[11D└─────────┘
Player has: 
[30m┌─────────┐[1B[11D│9        │[1B[11D│         │[1B[11D│    ♠    │[1B[11D│         │[1B[11D│        9│[1B[11D└─────────┘[6A[1C[31m┌─────────┐[1B[11D│9        │[1B[11D│         │[1B[11D│    ♦    │[1B[11D│         │[1B[11D│        9│[1B[11D└─────────┘
 (18)
[H]it or [S]tand?
[2J[1;1HDealer has: 
[30m┌─────────┐[1B[11D│8        │[1B[11D│         │[1B[11D│    ♠    │[1B[11D│         │[1B[11D│        8│[1B[11D└─────────┘[6A[1C[30m┌─────────┐[1B[11D│7        │[1B[11D│         │[1B[11D│    ♣    │[1B[11D│         │[1B[11D│        7│[1B[11D└─────────┘[6A[1C[30m┌─────────┐[1B[11D│K        │[1B[11D│         │[1B[11D│    ♣    │[1B[11D│         │[1B[11D│        K│[1B[11D└─────────┘
 (25)

Player has: 
[30m┌─────────┐[1B[11D│9        │[1B[11D│         │[1B[11D│    ♠    │[1B[11D│         │[1B[11D│        9│[1B[11D└─────────┘[6A[1C[31m┌─────────┐[1B[11D│9        │[1B[11D│         │[1B[11D│    ♦    │[1B[11D│         │[1B[11D│        9│[1B[11D└─────────┘
 (18)
Dealer went BUST, Player wins! Yay for you!! 💵
[m

[107m[2J[1;1H[32mWelcome to[31m Jitterted's[30m BlackJack
[2J[1;1HDealer has: 
[31m┌─────────┐[1B[11D│10       │[1B[11D│         │[1B[11D│    ♦    │[1B[11D│         │[1B[11D│       10│[1B[11D└─────────┘
[7A[12C┌─────────┐[1B[11D│░░░░░░░░░│[1B[11D│░ J I T ░│[1B[11D│░ T E R ░│[1B[11D│░ T E D ░│[1B[11D│░░░░░░░░░│[1B[11D└─────────┘
Player has: 
[30m┌─────────┐[1B[11D│J        │[1B[11D│         │[1B[11D│    ♠    │[1B[11D│         │[1B[11D│        J│[1B[11D└─────────┘[6A[1C[30m┌─────────┐[1B[11D│9        │[1B[11D│         │[1B[11D│    ♠    │[1B[11D│         │[1B[11D│        9│[1B[11D└─────────┘
 (19)
[H]it or [S]tand?
[2J[1;1HDealer has: 
[31m┌─────────┐[1B[11D│10       │[1B[11D│         │[1B[11D│    ♦    │[1B[11D│         │[1B[11D│       10│[1B[11D└─────────┘[6A[1C[31m┌─────────┐[1B[11D│J        │[1B[11D│         │[1B[11D│    ♥    │[1B[11D│         │[1B[11D│        J│[1B[11D└─────────┘
 (20)

Player has: 
[30m┌─────────┐[1B[11D│J        │[1B[11D│         │[1B[11D│    ♠    │[1B[11D│         │[1B[11D│        J│[1B[11D└─────────┘[6A[1C[30m┌─────────┐[1B[11D│9        │[1B[11D│         │[1B[11D│    ♠    │[1B[11D│         │[1B[11D│        9│[1B[11D└─────────┘
 (19)
You lost to the Dealer. 💸
[m

[107m[2J[1;1H[32mWelcome to[31m Jitterted's[30m BlackJack
[2J[1;1HDealer has: 
[30m┌─────────┐[1B[11D│K        │[1B[11D│         │[1B[11D│    ♣    │[1B[11D│         │[1B[11D│        K│[1B[11D└─────────┘
[7A[12C┌─────────┐[1B[11D│░░░░░░░░░│[1B[11D│░ J I T ░│[1B[11D│░ T E R ░│[1B[11D│░ T E D ░│[1B[11D│░░░░░░░░░│[1B[11D└─────────┘
Player has: 
[31m┌─────────┐[1B[11D│2        │[1B[11D│         │[1B[11D│    ♦    │[1B[11D│         │[1B[11D│        2│[1B[11D└─────────┘[6A[1C[31m┌─────────┐[1B[11D│K        │[1B[11D│         │[1B[11D│    ♦    │[1B[11D│         │[1B[11D│        K│[1B[11D└─────────┘
 (12)
[H]it or [S]tand?
[2J[1;1HDealer has: 
[30m┌─────────┐[1B[11D│K        │[1B[11D│         │[1B[11D│    ♣    │[1B[11D│         │[1B[11D│        K│[1B[11D└─────────┘[6A[1C[31m┌─────────┐[1B[11D│10       │[1B[11D│         │[1B[11D│    ♥    │[1B[11D│         │[1B[11D│       10│[1B[11D└─────────┘
 (20)

Player has: 
[31m┌─────────┐[1B[11D│2        │[1B[11D│         │[1B[11D│    ♦    │[1B[11D│         │[1B[11D│        2│[1B[11D└─────────┘[6A[1C[31m┌─────────┐[1B[11D│K        │[1B[11D│         │[1B[11D│    ♦    │[1B[11D│         │[1B[11D│        K│[1B[11D└─────────┘
 (12)
You lost to the Dealer. 💸
[m

[107m[2J[1;1H[32mWelcome to[31m Jitterted's[30m BlackJack
[2J[1;1HDealer has: 
[30m┌─────────┐[1B[11D│7        │[1B[11D│         │[1B[11D│    ♣    │[1B[11D│         │[1B[11D│        7│[1B[11D└─────────┘
[7A[12C┌─────────┐[1B[11D│░░░░░░░░░│[1B[11D│░ J I T ░│[1B[11D│░ T E R ░│[1B[11D│░ T E D ░│[1B[11D│░░░░░░░░░│[1B[11D└─────────┘
Player has: 
[31m┌─────────┐[1B[11D│4        │[1B[11D│         │[1B[11D│    ♥    │[1B[11D│         │[1B[11D│        4│[1B[11D└─────────┘[6A[1C[30m┌─────────┐[1B[11D│Q        │[1B[11D│         │[1B[11D│    ♣    │[1B[11D│         │[1B[11D│        Q│[1B[11D└─────────┘
 (14)
[H]it or [S]tand?
[2J[1;1HDealer has: 
[30m┌─────────┐[1B[11D│7        │[1B[11D│         │[1B[11D│    ♣    │[1B[11D│         │[1B[11D│        7│[1B[11D└─────────┘[6A[1C[31m┌─────────┐[1B[11D│K        │[1B[11D│         │[1B[11D│    ♥    │[1B[11D│         │[1B[11D│        K│[1B[11D└─────────┘
 (17)

Player has: 
[31m┌─────────┐[1B[11D│4        │[1B[11D│         │[1B[11D│    ♥    │[1B[11D│         │[1B[11D│        4│[1B[11D└─────────┘[6A[1C[30m┌─────────┐[1B[11D│Q        │[1B[11D│         │[1B[11D│    ♣    │[1B[11D│         │[1B[11D│        Q│[1B[11D└─────────┘
 (14)
You lost to the Dealer. 💸
[m

[107m[2J[1;1H[32mWelcome to[31m Jitterted's[30m BlackJack
[2J[1;1HDealer has: 
[31m┌─────────┐[1B[11D│7        │[1B[11D│         │[1B[11D│    ♥    │[1B[11D│         │[1B[11D│        7│[1B[11D└─────────┘
[7A[12C┌─────────┐[1B[11D│░░░░░░░░░│[1B[11D│░ J I T ░│[1B[11D│░ T E R ░│[1B[11D│░ T E D ░│[1B[11D│░░░░░░░░░│[1B[11D└─────────┘
Player has: 
[31m┌─────────┐[1B[11D│A        │[1B[11D│         │[1B[11D│    ♦    │[1B[11D│         │[1B[11D│        A│[1B[11D└─────────┘[6A[1C[30m┌─────────┐[1B[11D│4        │[1B[11D│         │[1B[11D│    ♠    │[1B[11D│         │[1B[11D│        4│[1B[11D└─────────┘
 (15)
[H]it or [S]tand?
[2J[1;1HDealer has: 
[31m┌─────────┐[1B[11D│7        │[1B[11D│         │[1B[11D│    ♥    │[1B[11D│         │[1B[11D│        7│[1B[11D└─────────┘[6A[1C[31m┌─────────┐[1B[11D│10       │[1B[11D│         │[1B[11D│    ♦    │[1B[11D│         │[1B[11D│       10│[1B[11D└─────────┘
 (17)

Player has: 
[31m┌─────────┐[1B[11D│A        │[1B[11D│         │[1B[11D│    ♦    │[1B[11D│         │[1B[11D│        A│[1B[11D└─────────┘[6A[1C[30m┌─────────┐[1B[11D│4        │[1B[11D│         │[1B[11D│    ♠    │[1B[11D│         │[1B[11D│        4│[1B[11D└─────────┘
 (15)
You lost to the Dealer. 💸
[m

[107m[2J[1;1H[32mWelcome to[31m Jitterted's[30m BlackJack
[2J[1;1HDealer has: 
[30m┌─────────┐[1B[11D│9        │[1B[11D│         │[1B[11D│    ♣    │[1B[11D│         │[1B[11D│        9│[1B[11D└─────────┘
[7A[12C┌─────────┐[1B[11D│░░░░░░░░░│[1B[11D│░ J I T ░│[1B[11D│░ T E R ░│[1B[11D│░ T E D ░│[1B[11D│░░░░░░░░░│[1B[11D└─────────┘
Player has: 
[31m┌─────────┐[1B[11D│5        │[1B[11D│         │[1B[11D│    ♦    │[1B[11D│         │[1B[11D│        5│[1B[11D└─────────┘[6A[1C[31m┌─────────┐[1B[11D│3        │[1B[11D│         │[1B[11D│    ♥    │[1B[11D│         │[1B[11D│        3│[1B[11D└─────────┘
 (8)
[H]it or [S]tand?
[2J[1;1HDealer has: 
[30m┌─────────┐[1B[11D│9        │[1B[11D│         │[1B[11D│    ♣    │[1B[11D│         │[1B[11D│        9│[1B[11D└─────────┘[6A[1C[30m┌─────────┐[1B[11D│2        │[1B[11D│         │[1B[11D│    ♠    │[1B[11D│         │[1B[11D│        2│[1B[11D└─────────┘[6A[1C[30m┌─────────┐[1B[11D│J        │[1B[11D│         │[1B[11D│    ♠    │[1B[11D│         │[1B[11D│        J│[1B[11D└─────────┘
 (21)

Player has: 
[31m┌─────────┐[1B[11D│5        │[1B[11D│         │[1B[11D│    ♦    │[1B[11D│         │[1B[11D│        5│[1B[11D└─────────┘[6A[1C[31m┌─────────┐[1B[11D│3        │[1B[11D│         │[1B[11D│    ♥    │[1B[11D│         │[1B[11D│        3│[1B[11D└─────────┘
 (8)
You lost to the Dealer. 💸
[m

[107m[2J[1;1H[32mWelcome to[31m Jitterted's[30m BlackJack
[2J[1;1HDealer has: 
[30m┌─────────┐[1B[11D│3        │[1B[11D│         │[1B[11D│    ♣    │[1B[11D│         │[1B[11D│        3│[1B[11D└─────────┘
[7A[12C┌─────────┐[1B[11D│░░░░░░░░░│[1B[11D│░ J I T ░│[1B[11D│░ T E R ░│[1B[11D│░ T E D ░│[1B[11D│░░░░░░░░░│[1B[11D└─────────┘
Player has: 
[30m┌─────────┐[1B[11D│8        │[1B[11D│         │[1B[11D│    ♣    │[1B[11D│         │[1B[11D│        8│[1B[11D└─────────┘[6A[1C[31m┌─────────┐[1B[11D│3        │[1B[11D│         │[1B[11D│    ♦    │[1B[11D│         │[1B[11D│        3│[1B[11D└─────────┘
 (11)
[H]it or [S]tand?
[2J[1;1HDealer has: 
[30m┌─────────┐[1B[11D│3        │[1B[11D│         │[1B[11D│    ♣    │[1B[11D│         │[1B[11D│        3│[1B[11D└─────────┘[6A[1C[31m┌─────────┐[1B[11D│4        │[1B[11D│         │[1B[11D│    ♦    │[1B[11D│         │[1B[11D│        4│[1B[11D└─────────┘[6A[1C[30m┌─────────┐[1B[11D│7        │[1B[11D│         │[1B[11D│    ♣    │[1B[11D│         │[1B[11D│        7│[1B[11D└─────────┘[6A[1C[30m┌─────────┐[1B[11D│A        │[1B[11D│         │[1B[11D│    ♠    │[1B[11D│         │[1B[11D│        A│[1B[11D└─────────┘[6A[1C[31m┌─────────┐[1B[11D│2        │[1B[11D│         │[1B[11D│    ♦    │[1B[11D│         │[1B[11D│        2│[1B[11D└─────────┘
 (17)

Player has: 
[30m┌─────────┐[1B[11D│8        │[1B[11D│         │[1B[11D│    ♣    │[1B[11D│         │[1B[11D│        8│[1B[11D└─────────┘[6A[1C[31m┌─────────┐[1B[11D│3        │[1B[11D│         │[1B[11D│    ♦    │[1B[11D│         │[1B[11D│        3│[1B[11D└─────────┘
 (11)
You lost to the Dealer. 💸
[m

